[web.archive.org/web/20241223070905/https_/aashgates.com/index.html]
[web.archive.org/_static/js/bundle-playback8db8.js]
[web.archive.org/_static/js/wombat9b8c.js]
[web.archive.org/_static/js/ruffle/ruffle.js]
[web.archive.org/_static/css/banner-styles52e6.css]
[backblue.gif]
[fade.gif]
[index.html]
[web.archive.org/_static/css/iconochive29a7.css]
[web.archive.org/web/20241223070820cs_/https_/aashgates.com/assets/web/assets/mobirise-icons2/mobirise2.css]
[web.archive.org/web/20241223070821cs_/https_/aashgates.com/assets/bootstrap/css/bootstrap.min.css]
[web.archive.org/web/20241223070820cs_/https_/aashgates.com/assets/bootstrap/css/bootstrap-grid.min.css]
[web.archive.org/web/20241223070820cs_/https_/aashgates.com/assets/bootstrap/css/bootstrap-reboot.min.css]
[web.archive.org/web/20241223070821cs_/https_/aashgates.com/assets/dropdown/css/style.css]
[web.archive.org/web/20241223070844cs_/https_/aashgates.com/assets/socicon/css/styles.css]
[web.archive.org/web/20241223070821cs_/https_/aashgates.com/assets/theme/css/style.css]
[web.archive.org/web/20241223070820/https_/aashgates.com/assets/mobirise/css/mbr-additional6da4.css]
[web.archive.org/web/20241223070820cs_/https_/aashgates.com/assets/mobirise/css/mbr-additional6da4.css]
[web.archive.org/web/20241223070905/https_/aashgates.com/PortFolio-Render-main/Socials.html]
[web.archive.org/web/20241223070905/https_/aashgates.com/PortFolio-Render-main/Edu.html]
[web.archive.org/web/20241223070821js_/https_/aashgates.com/assets/bootstrap/js/bootstrap.bundle.min.js]
[web.archive.org/web/20241223070823js_/https_/aashgates.com/assets/smoothscroll/smooth-scroll.js]
[web.archive.org/web/20241223070824js_/https_/aashgates.com/assets/ytplayer/index.js]
[web.archive.org/web/20241223070824js_/https_/aashgates.com/assets/dropdown/js/navbar-dropdown.js]
[web.archive.org/web/20241223070824js_/https_/aashgates.com/assets/theme/js/script.js]
[web.archive.org/web/20241223070824js_/https_/aashgates.com/assets/formoid/formoid.min.js]
[web.archive.org/web/20241223070905/https_/aashgates.com/index.html]
[web.archive.org/_static/css/banner-styles52e6.css]
[web.archive.org/_static/css/iconochive29a7.css]
[web.archive.org/web/20241223070820cs_/https_/aashgates.com/assets/web/assets/mobirise-icons2/mobirise2.css]
[web.archive.org/web/20241223070821cs_/https_/aashgates.com/assets/bootstrap/css/bootstrap.min.css]
[web.archive.org/web/20241223070820cs_/https_/aashgates.com/assets/bootstrap/css/bootstrap-grid.min.css]
[web.archive.org/web/20241223070820cs_/https_/aashgates.com/assets/bootstrap/css/bootstrap-reboot.min.css]
[web.archive.org/web/20241223070821cs_/https_/aashgates.com/assets/dropdown/css/style.css]
[web.archive.org/web/20241223070844cs_/https_/aashgates.com/assets/socicon/css/styles.css]
[web.archive.org/web/20241223070821cs_/https_/aashgates.com/assets/theme/css/style.css]
[web.archive.org/web/20241223070820/https_/aashgates.com/assets/mobirise/css/mbr-additional6da4.css]
[web.archive.org/web/20241223070820cs_/https_/aashgates.com/assets/mobirise/css/mbr-additional6da4.css]
[web.archive.org/_static/css/record.css]
[web.archive.org/web/20250103101526im_/https_/www.aashgates.com/PortFolio-Render-main/assets/images/my-project-128x128.png]
[web.archive.org/web/20240622145224cs_/https_/www.aashgates.com/PortFolio-Render-main/assets/web/assets/mobirise-icons-bold/mobirise-icons-bold.css]
[web.archive.org/web/20240622145220cs_/https_/www.aashgates.com/PortFolio-Render-main/assets/web/assets/mobirise-icons/mobirise-icons.css]
[web.archive.org/web/20240622145219cs_/https_/www.aashgates.com/PortFolio-Render-main/assets/bootstrap/css/bootstrap.min.css]
[web.archive.org/web/20240622145219cs_/https_/www.aashgates.com/PortFolio-Render-main/assets/bootstrap/css/bootstrap-grid.min.css]
[web.archive.org/web/20240622145219cs_/https_/www.aashgates.com/PortFolio-Render-main/assets/bootstrap/css/bootstrap-reboot.min.css]
[web.archive.org/web/20240622145219cs_/https_/www.aashgates.com/PortFolio-Render-main/assets/socicon/css/styles.css]
[web.archive.org/web/20240622145220cs_/https_/www.aashgates.com/PortFolio-Render-main/assets/web/assets/gdpr-plugin/gdpr-styles.css]
[web.archive.org/web/20240622145220cs_/https_/www.aashgates.com/PortFolio-Render-main/assets/animatecss/animate.min.css]
[web.archive.org/web/20240622145219cs_/https_/www.aashgates.com/PortFolio-Render-main/assets/tether/tether.min.css]
[web.archive.org/web/20240622145220cs_/https_/www.aashgates.com/PortFolio-Render-main/assets/theme/css/style.css]
[web.archive.org/web/20240622145220cs_/https_/www.aashgates.com/PortFolio-Render-main/assets/fonts/style.css]
[web.archive.org/web/20240622145220/https_/www.aashgates.com/PortFolio-Render-main/assets/mobirise/css/mbr-additional.css]
[web.archive.org/web/20240622145220cs_/https_/www.aashgates.com/PortFolio-Render-main/assets/mobirise/css/mbr-additional.css]
[web.archive.org/web/20240622145226im_/https_/www.aashgates.com/PortFolio-Render-main/assets/images/phoxo1-192x196.png]
[web.archive.org/web/20240622145220js_/https_/www.aashgates.com/PortFolio-Render-main/assets/web/assets/jquery/jquery.min.js]
[web.archive.org/web/20240622145220js_/https_/www.aashgates.com/PortFolio-Render-main/assets/popper/popper.min.js]
[web.archive.org/web/20240622145220js_/https_/www.aashgates.com/PortFolio-Render-main/assets/bootstrap/js/bootstrap.min.js]
[web.archive.org/web/20240622145220js_/https_/www.aashgates.com/PortFolio-Render-main/assets/parallax/jarallax.min.js]
[web.archive.org/web/20240622145222js_/https_/www.aashgates.com/PortFolio-Render-main/assets/viewportchecker/jquery.viewportchecker.js]
[web.archive.org/web/20240622145220js_/https_/www.aashgates.com/PortFolio-Render-main/assets/tether/tether.min.js]
[web.archive.org/web/20240622145221js_/https_/www.aashgates.com/PortFolio-Render-main/assets/smoothscroll/smooth-scroll.js]
[web.archive.org/web/20240622145220js_/https_/www.aashgates.com/PortFolio-Render-main/assets/theme/js/script.js]
[web.archive.org/web/20241223070905/https_/aashgates.com/PortFolio-Render-main/Socials.html]
[web.archive.org/web/20241223070905/https_/aashgates.com/PortFolio-Render-main/Edu.html]
[web.archive.org/_static/css/record.css]
[web.archive.org/web/20240622145224cs_/https_/www.aashgates.com/PortFolio-Render-main/assets/web/assets/mobirise-icons-bold/mobirise-icons-bold.css]
[web.archive.org/web/20240622145220cs_/https_/www.aashgates.com/PortFolio-Render-main/assets/web/assets/mobirise-icons/mobirise-icons.css]
[web.archive.org/web/20240622145219cs_/https_/www.aashgates.com/PortFolio-Render-main/assets/bootstrap/css/bootstrap.min.css]
[web.archive.org/web/20240622145219cs_/https_/www.aashgates.com/PortFolio-Render-main/assets/bootstrap/css/bootstrap-grid.min.css]
[web.archive.org/web/20240622145219cs_/https_/www.aashgates.com/PortFolio-Render-main/assets/bootstrap/css/bootstrap-reboot.min.css]
[web.archive.org/web/20240622145219cs_/https_/www.aashgates.com/PortFolio-Render-main/assets/socicon/css/styles.css]
[web.archive.org/web/20240622145220cs_/https_/www.aashgates.com/PortFolio-Render-main/assets/web/assets/gdpr-plugin/gdpr-styles.css]
[web.archive.org/web/20240622145220cs_/https_/www.aashgates.com/PortFolio-Render-main/assets/animatecss/animate.min.css]
[web.archive.org/web/20240622145219cs_/https_/www.aashgates.com/PortFolio-Render-main/assets/tether/tether.min.css]
[web.archive.org/web/20240622145220cs_/https_/www.aashgates.com/PortFolio-Render-main/assets/theme/css/style.css]
[web.archive.org/web/20240622145220cs_/https_/www.aashgates.com/PortFolio-Render-main/assets/fonts/style.css]
[web.archive.org/web/20240622145227im_/https_/www.aashgates.com/PortFolio-Render-main/assets/images/mbr-3-1920x1280.jpg]
[web.archive.org/web/20240622145220/https_/www.aashgates.com/PortFolio-Render-main/assets/mobirise/css/mbr-additional.css]
[web.archive.org/web/20240622145220cs_/https_/www.aashgates.com/PortFolio-Render-main/assets/mobirise/css/mbr-additional.css]
